---
source: crates/biome_js_analyze/tests/spec_tests.rs
expression: validEmptyCatch.ts
---
# Input
```js
/* should not generate diagnostics */
const doSomethingTs = () => null;
try {
  doSomethingTs();
} catch(ex) {}

function fooTs(){
  try {
    doSomethingTs();
  } catch(ex) {}
}

const barTs = () => {
  try {
    doSomethingTs();
  } catch(ex) {}
}
```


